// Jest Snapshot v1, https://goo.gl/fbAQLP

exports[`it renders a heading with the app name 1`] = `
<header
  onClick={[Function]}
>
  <h1>
    <span>
      Gold
    </span>
    spot
  </h1>
</header>
`;
